Analyzing app...

  error - lib\widgets\discover_widgets.dart:67:4 - Expected to find ')'. - expected_token
  error - test\widget_test.dart:16:35 - The name 'MyApp' isn't a class. Try correcting the name to match an existing class. - creation_with_non_type
   info - lib\screens\profile\privacy_screen.dart:56:21 - 'activeColor' is deprecated and shouldn't be used. Use activeThumbColor instead. This feature was deprecated after v3.31.0-2.0.pre. Try replacing the use of the deprecated member with the replacement. - deprecated_member_use
   info - lib\screens\profile\privacy_screen.dart:67:21 - 'activeColor' is deprecated and shouldn't be used. Use activeThumbColor instead. This feature was deprecated after v3.31.0-2.0.pre. Try replacing the use of the deprecated member with the replacement. - deprecated_member_use
   info - lib\services\auth_service.dart:16:7 - Don't invoke 'print' in production code. Try using a logging framework. - avoid_print
   info - lib\services\auth_service.dart:26:7 - Don't invoke 'print' in production code. Try using a logging framework. - avoid_print
   info - lib\services\auth_service.dart:45:7 - Don't invoke 'print' in production code. Try using a logging framework. - avoid_print

7 issues found.
